  ok 1 GZ(23098) AutoResponse/AutoResponse.cpp.gz
  ok 2 GZ(207) AutoResponse/AutoResponse.h.gz
  ok 3 GZ(1414) AutoResponse/AutoResponse.vcxproj.gz
  ok 4 GZ(983) AutoResponse/AutoResponse.vcxproj.filters.gz
  ok 5 GZ(506) AutoResponse/ClientPacket.cpp.gz
  ok 6 GZ(654) AutoResponse/ClientPacket.h.gz
  ok 7 GZ(506) AutoResponse/CN_v126_CP.cpp.gz
  ok 8 GZ(559) AutoResponse/CN_v126_SP.cpp.gz
  ok 9 GZ(873) AutoResponse/DllMain.cpp.gz
  ok 10 GZ(22441) AutoResponse/FakeServer.cpp.gz
  ok 11 GZ(2237) AutoResponse/FakeServer.h.gz
  ok 12 GZ(351) AutoResponse/HK_v102_CP.cpp.gz
  ok 13 GZ(427) AutoResponse/HK_v102_SP.cpp.gz
  ok 14 GZ(566) AutoResponse/JP_v127_CP.cpp.gz
  ok 15 GZ(581) AutoResponse/JP_v127_SP.cpp.gz
  ok 16 GZ(340) AutoResponse/KRX_v107_CP.cpp.gz
  ok 17 GZ(428) AutoResponse/KRX_v107_SP.cpp.gz
  ok 18 GZ(354) AutoResponse/KR_v200_CP.cpp.gz
  ok 19 GZ(452) AutoResponse/KR_v200_SP.cpp.gz
  ok 20 GZ(5331) AutoResponse/MPClient.cpp.gz
  ok 21 GZ(1169) AutoResponse/MPClient.h.gz
  ok 22 GZ(426) AutoResponse/ServerPacket.cpp.gz
  ok 23 GZ(749) AutoResponse/ServerPacket.h.gz
  ok 24 GZ(1461) AutoResponse/TemporaryData.cpp.gz
  ok 25 GZ(739) AutoResponse/TemporaryData.h.gz
  ok 26 GZ(535) AutoResponse/TenviData.cpp.gz
  ok 27 GZ(245) AutoResponse/TenviData.h.gz
  ok 28 GZ(1820) AutoResponse/TenviMap.cpp.gz
  ok 29 GZ(447) AutoResponse/TenviMap.h.gz
  ok 30 GZ(283) AutoResponse/TenviPacket.h.gz
  ok 31 GZ(18474) AutoResponse/rapidxml/rapidxml.hpp.gz
  ok 32 GZ(799) AutoResponse/rapidxml/rapidxml_iterators.hpp.gz
  ok 33 GZ(2480) AutoResponse/rapidxml/rapidxml_print.hpp.gz
  ok 34 GZ(1183) AutoResponse/rapidxml/rapidxml_utils.hpp.gz
DONE total=34 fail=0
